#-----------------------------------------------------------
# Vivado v2018.2 (64-bit)
# SW Build 2258646 on Thu Jun 14 20:03:12 MDT 2018
# IP Build 2256618 on Thu Jun 14 22:10:49 MDT 2018
# Start of session at: Thu Oct 25 12:38:16 2018
# Process ID: 13276
# Current directory: C:/Users/Sondre/Dropbox/NTNU/05 Design av digitale systemer/Project/IntegrationKit/edit_rsa_accelerator
# Command line: vivado.exe -gui_launcher_event rodinguilauncherevent10956 C:\Users\Sondre\Dropbox\NTNU\05 Design av digitale systemer\Project\IntegrationKit\edit_rsa_accelerator\edit_rsa_accelerator.xpr
# Log file: C:/Users/Sondre/Dropbox/NTNU/05 Design av digitale systemer/Project/IntegrationKit/edit_rsa_accelerator/vivado.log
# Journal file: C:/Users/Sondre/Dropbox/NTNU/05 Design av digitale systemer/Project/IntegrationKit/edit_rsa_accelerator\vivado.jou
#-----------------------------------------------------------
start_gui
open_project {C:/Users/Sondre/Dropbox/NTNU/05 Design av digitale systemer/Project/IntegrationKit/edit_rsa_accelerator/edit_rsa_accelerator.xpr}
update_compile_order -fileset sources_1
launch_simulation
source rsa_accelerator.tcl
close_sim
